e2e	Run browser E2E	﻿2026-09-27T20:44:45.2645520Z ##[group]Run npx playwright test
e2e	Run browser E2E	2026-09-27T20:44:45.2645908Z ^[[36;1mnpx playwright test^[[0m
e2e	Run browser E2E	2026-09-27T20:44:45.2708167Z shell: /usr/bin/bash -e {0}
e2e	Run browser E2E	2026-09-27T20:44:45.2708438Z env:
e2e	Run browser E2E	2026-09-27T20:44:45.2708651Z   CARGO_TERM_COLOR: always
e2e	Run browser E2E	2026-09-27T20:44:45.2709125Z   DATABASE_URL: ***localhost:5432/medos_ci
e2e	Run browser E2E	2026-09-27T20:44:45.2709452Z   VITE_API_BASE: http://127.0.0.1:8080
e2e	Run browser E2E	2026-09-27T20:44:45.2709749Z   MIN_TIME_LIMIT_SECONDS: 5
e2e	Run browser E2E	2026-09-27T20:44:45.2710021Z   ADMIN_TOKEN: e2e-only-admin-token
e2e	Run browser E2E	2026-09-27T20:44:45.2710682Z   PACK_SIGNING_KEY: ci-only-pack-signing-key-0123456789abcdef
e2e	Run browser E2E	2026-09-27T20:44:45.2711057Z   COMMUNITY_MIN_SAMPLE: 2
e2e	Run browser E2E	2026-09-27T20:44:45.2711312Z   CARGO_HOME: /home/runner/.cargo
e2e	Run browser E2E	2026-09-27T20:44:45.2711580Z   CARGO_INCREMENTAL: 0
e2e	Run browser E2E	2026-09-27T20:44:45.2711813Z   CACHE_ON_FAILURE: false
e2e	Run browser E2E	2026-09-27T20:44:45.2712042Z ##[endgroup]
e2e	Run browser E2E	2026-09-27T20:44:48.5842081Z 
e2e	Run browser E2E	2026-09-27T20:44:48.5843225Z Running 67 tests using 2 workers
e2e	Run browser E2E	2026-09-27T20:46:31.2991469Z ××FF··×··F····························································
e2e	Run browser E2E	2026-09-27T20:46:31.3000142Z 
e2e	Run browser E2E	2026-09-27T20:46:31.3011728Z   1) admin-dashboard.spec.ts:25:5 › administrator reaches the owner dashboard and sees responsive aggregate counts 
e2e	Run browser E2E	2026-09-27T20:46:31.3012469Z 
e2e	Run browser E2E	2026-09-27T20:46:31.3012745Z     Error: expect(locator).toContainText(expected) failed
e2e	Run browser E2E	2026-09-27T20:46:31.3013012Z 
e2e	Run browser E2E	2026-09-27T20:46:31.3013353Z     Locator: getByTestId('dashboard-metric-institutions')
e2e	Run browser E2E	2026-09-27T20:46:31.3013744Z     Expected substring: "6"
e2e	Run browser E2E	2026-09-27T20:46:31.3013999Z     Timeout: 5000ms
e2e	Run browser E2E	2026-09-27T20:46:31.3014322Z     Error: element(s) not found
e2e	Run browser E2E	2026-09-27T20:46:31.3014611Z 
e2e	Run browser E2E	2026-09-27T20:46:31.3014703Z     Call log:
e2e	Run browser E2E	2026-09-27T20:46:31.3015170Z       - Expect "toContainText" getByTestId('dashboard-metric-institutions') with timeout 5000ms
e2e	Run browser E2E	2026-09-27T20:46:31.3016002Z       - waiting for getByTestId('dashboard-metric-institutions')
e2e	Run browser E2E	2026-09-27T20:46:31.3016443Z 
e2e	Run browser E2E	2026-09-27T20:46:31.3016454Z 
e2e	Run browser E2E	2026-09-27T20:46:31.3016890Z       47 | 	await page.getByRole('link', { name: 'Owner dashboard' }).click();
e2e	Run browser E2E	2026-09-27T20:46:31.3017991Z       48 | 	await expect(page.getByRole('heading', { name: 'Owner dashboard' })).toBeVisible();
e2e	Run browser E2E	2026-09-27T20:46:31.3019216Z     > 49 | 	await expect(page.getByTestId('dashboard-metric-institutions')).toContainText('6');
e2e	Run browser E2E	2026-09-27T20:46:31.3020449Z          | 	                                                                ^
e2e	Run browser E2E	2026-09-27T20:46:31.3021497Z       50 | 	await expect(page.getByTestId('dashboard-metric-users')).toContainText('1,234');
e2e	Run browser E2E	2026-09-27T20:46:31.3022748Z       51 | 	await expect(page.getByTestId('dashboard-metric-published_questions')).toContainText('785');
e2e	Run browser E2E	2026-09-27T20:46:31.3024036Z       52 | 	await expect(page.getByTestId('dashboard-metric-articles')).toContainText('54');
e2e	Run browser E2E	2026-09-27T20:46:31.3025561Z         at /home/runner/work/medicalos/medicalos/tests/e2e/admin-dashboard.spec.ts:49:66
e2e	Run browser E2E	2026-09-27T20:46:31.3025953Z 
e2e	Run browser E2E	2026-09-27T20:46:31.3026406Z     Error Context: test-results/admin-dashboard-administra-6343f-responsive-aggregate-counts/error-context.md
e2e	Run browser E2E	2026-09-27T20:46:31.3027337Z 
e2e	Run browser E2E	2026-09-27T20:46:31.3027785Z     Retry #1 ───────────────────────────────────────────────────────────────────────────────────────
e2e	Run browser E2E	2026-09-27T20:46:31.3028107Z 
e2e	Run browser E2E	2026-09-27T20:46:31.3028270Z     Error: expect(locator).toBeVisible() failed
e2e	Run browser E2E	2026-09-27T20:46:31.3028496Z 
e2e	Run browser E2E	2026-09-27T20:46:31.3028700Z     Locator: getByRole('heading', { name: 'Owner dashboard' })
e2e	Run browser E2E	2026-09-27T20:46:31.3029052Z     Expected: visible
e2e	Run browser E2E	2026-09-27T20:46:31.3029388Z     Timeout: 5000ms
e2e	Run browser E2E	2026-09-27T20:46:31.3029771Z     Error: element(s) not found
e2e	Run browser E2E	2026-09-27T20:46:31.3029946Z 
e2e	Run browser E2E	2026-09-27T20:46:31.3030073Z     Call log:
e2e	Run browser E2E	2026-09-27T20:46:31.3030854Z       - Expect "toBeVisible" getByRole('heading', { name: 'Owner dashboard' }) with timeout 5000ms
e2e	Run browser E2E	2026-09-27T20:46:31.3031454Z       - waiting for getByRole('heading', { name: 'Owner dashboard' })
e2e	Run browser E2E	2026-09-27T20:46:31.3031730Z 
e2e	Run browser E2E	2026-09-27T20:46:31.3031744Z 
e2e	Run browser E2E	2026-09-27T20:46:31.3031871Z       46 | 	await page.goto('/admin');
e2e	Run browser E2E	2026-09-27T20:46:31.3032563Z       47 | 	await page.getByRole('link', { name: 'Owner dashboard' }).click();
e2e	Run browser E2E	2026-09-27T20:46:31.3033190Z     > 48 | 	await expect(page.getByRole('heading', { name: 'Owner dashboard' })).toBeVisible();
e2e	Run browser E2E	2026-09-27T20:46:31.3033730Z          | 	                                                                     ^
e2e	Run browser E2E	2026-09-27T20:46:31.3034276Z       49 | 	await expect(page.getByTestId('dashboard-metric-institutions')).toContainText('6');
e2e	Run browser E2E	2026-09-27T20:46:31.3034945Z       50 | 	await expect(page.getByTestId('dashboard-metric-users')).toContainText('1,234');
e2e	Run browser E2E	2026-09-27T20:46:31.3036079Z       51 | 	await expect(page.getByTestId('dashboard-metric-published_questions')).toContainText('785');
e2e	Run browser E2E	2026-09-27T20:46:31.3037399Z         at /home/runner/work/medicalos/medicalos/tests/e2e/admin-dashboard.spec.ts:48:71
e2e	Run browser E2E	2026-09-27T20:46:31.3038049Z 
e2e	Run browser E2E	2026-09-27T20:46:31.3039047Z     Error Context: test-results/admin-dashboard-administra-6343f-responsive-aggregate-counts-retry1/error-context.md
e2e	Run browser E2E	2026-09-27T20:46:31.3040091Z 
e2e	Run browser E2E	2026-09-27T20:46:31.3041422Z   2) admin-mock-builder.spec.ts:5:5 › administrator creates mock test with form type and blueprint, learner sees badge and time analysis 
e2e	Run browser E2E	2026-09-27T20:46:31.3042267Z 
e2e	Run browser E2E	2026-09-27T20:46:31.3042525Z     Error: expect(locator).toBeVisible() failed
e2e	Run browser E2E	2026-09-27T20:46:31.3042869Z 
e2e	Run browser E2E	2026-09-27T20:46:31.3043159Z     Locator: getByTestId('blueprint-chapter-select')
e2e	Run browser E2E	2026-09-27T20:46:31.3043683Z     Expected: visible
e2e	Run browser E2E	2026-09-27T20:46:31.3044037Z     Timeout: 5000ms
e2e	Run browser E2E	2026-09-27T20:46:31.3044426Z     Error: element(s) not found
e2e	Run browser E2E	2026-09-27T20:46:31.3044695Z 
e2e	Run browser E2E	2026-09-27T20:46:31.3044831Z     Call log:
e2e	Run browser E2E	2026-09-27T20:46:31.3045492Z       - Expect "toBeVisible" getByTestId('blueprint-chapter-select') with timeout 5000ms
e2e	Run browser E2E	2026-09-27T20:46:31.3046353Z       - waiting for getByTestId('blueprint-chapter-select')
e2e	Run browser E2E	2026-09-27T20:46:31.3046750Z 
e2e	Run browser E2E	2026-09-27T20:46:31.3046759Z 
e2e	Run browser E2E	2026-09-27T20:46:31.3046885Z       194 |
e2e	Run browser E2E	2026-09-27T20:46:31.3047480Z       195 | 	// Verify curriculum chapter is loaded from hierarchy API and select it
e2e	Run browser E2E	2026-09-27T20:46:31.3048689Z     > 196 | 	await expect(page.getByTestId('blueprint-chapter-select')).toBeVisible();
e2e	Run browser E2E	2026-09-27T20:46:31.3049490Z           | 	                                                           ^
e2e	Run browser E2E	2026-09-27T20:46:31.3050165Z       197 | 	await page.getByTestId('blueprint-count').fill('15');
e2e	Run browser E2E	2026-09-27T20:46:31.3051322Z       198 | 	await page.getByTestId('add-blueprint-entry').click();
e2e	Run browser E2E	2026-09-27T20:46:31.3051870Z       199 |
e2e	Run browser E2E	2026-09-27T20:46:31.3052601Z         at /home/runner/work/medicalos/medicalos/tests/e2e/admin-mock-builder.spec.ts:196:61
e2e	Run browser E2E	2026-09-27T20:46:31.3053182Z 
e2e	Run browser E2E	2026-09-27T20:46:31.3053840Z     Error Context: test-results/admin-mock-builder-adminis-46e13-ees-badge-and-time-analysis/error-context.md
e2e	Run browser E2E	2026-09-27T20:46:31.3054579Z 
e2e	Run browser E2E	2026-09-27T20:46:31.3055241Z     Retry #1 ───────────────────────────────────────────────────────────────────────────────────────
e2e	Run browser E2E	2026-09-27T20:46:31.3055727Z 
e2e	Run browser E2E	2026-09-27T20:46:31.3055962Z     Error: expect(locator).toBeVisible() failed
e2e	Run browser E2E	2026-09-27T20:46:31.3056334Z 
e2e	Run browser E2E	2026-09-27T20:46:31.3056606Z     Locator: getByTestId('blueprint-chapter-select')
e2e	Run browser E2E	2026-09-27T20:46:31.3057120Z     Expected: visible
e2e	Run browser E2E	2026-09-27T20:46:31.3057490Z     Timeout: 5000ms
e2e	Run browser E2E	2026-09-27T20:46:31.3057897Z     Error: element(s) not found
e2e	Run browser E2E	2026-09-27T20:46:31.3058151Z 
e2e	Run browser E2E	2026-09-27T20:46:31.3058274Z     Call log:
e2e	Run browser E2E	2026-09-27T20:46:31.3058910Z       - Expect "toBeVisible" getByTestId('blueprint-chapter-select') with timeout 5000ms
e2e	Run browser E2E	2026-09-27T20:46:31.3059794Z       - waiting for getByTestId('blueprint-chapter-select')
e2e	Run browser E2E	2026-09-27T20:46:31.3060179Z 
e2e	Run browser E2E	2026-09-27T20:46:31.3060188Z 
e2e	Run browser E2E	2026-09-27T20:46:31.3060529Z       194 |
e2e	Run browser E2E	2026-09-27T20:46:31.3061122Z       195 | 	// Verify curriculum chapter is loaded from hierarchy API and select it
e2e	Run browser E2E	2026-09-27T20:46:31.3062052Z     > 196 | 	await expect(page.getByTestId('blueprint-chapter-select')).toBeVisible();
e2e	Run browser E2E	2026-09-27T20:46:31.3062844Z           | 	                                                           ^
e2e	Run browser E2E	2026-09-27T20:46:31.3063808Z       197 | 	await page.getByTestId('blueprint-count').fill('15');
e2e	Run browser E2E	2026-09-27T20:46:31.3064627Z       198 | 	await page.getByTestId('add-blueprint-entry').click();
e2e	Run browser E2E	2026-09-27T20:46:31.3065198Z       199 |
e2e	Run browser E2E	2026-09-27T20:46:31.3065917Z         at /home/runner/work/medicalos/medicalos/tests/e2e/admin-mock-builder.spec.ts:196:61
e2e	Run browser E2E	2026-09-27T20:46:31.3066532Z 
e2e	Run browser E2E	2026-09-27T20:46:31.3067328Z     Error Context: test-results/admin-mock-builder-adminis-46e13-ees-badge-and-time-analysis-retry1/error-context.md
e2e	Run browser E2E	2026-09-27T20:46:31.3068189Z 
e2e	Run browser E2E	2026-09-27T20:46:31.3068955Z   3) admin06-settings.spec.ts:4:5 › administrator loads and saves live runtime settings ────────────
e2e	Run browser E2E	2026-09-27T20:46:31.3069622Z 
e2e	Run browser E2E	2026-09-27T20:46:31.3069932Z     Error: expect(locator).toContainText(expected) failed
e2e	Run browser E2E	2026-09-27T20:46:31.3070546Z 
e2e	Run browser E2E	2026-09-27T20:46:31.3070758Z     Locator: getByRole('alert')
e2e	Run browser E2E	2026-09-27T20:46:31.3071394Z     Expected substring: "Mastery boundaries must be increasing."
e2e	Run browser E2E	2026-09-27T20:46:31.3072277Z     Error: strict mode violation: getByRole('alert') resolved to 2 elements:
e2e	Run browser E2E	2026-09-27T20:46:31.3073608Z         1) <p role="alert" class="error-text">Mastery boundaries must be increasing.</p> aka getByText('Mastery boundaries must be')
e2e	Run browser E2E	2026-09-27T20:46:31.3075230Z         2) <p role="alert" class="error-text" data-testid="mock-error">invalid or expired credentials</p> aka getByTestId('mock-error')
e2e	Run browser E2E	2026-09-27T20:46:31.3076072Z 
e2e	Run browser E2E	2026-09-27T20:46:31.3076216Z     Call log:
e2e	Run browser E2E	2026-09-27T20:46:31.3076785Z       - Expect "toContainText" getByRole('alert') with timeout 5000ms
e2e	Run browser E2E	2026-09-27T20:46:31.3077432Z       - waiting for getByRole('alert')
e2e	Run browser E2E	2026-09-27T20:46:31.3077725Z 
e2e	Run browser E2E	2026-09-27T20:46:31.3077734Z 
e2e	Run browser E2E	2026-09-27T20:46:31.3078095Z       78 | 	await page.getByLabel('Hard competition points').fill('18');
e2e	Run browser E2E	2026-09-27T20:46:31.3078971Z       79 | 	await page.getByRole('button', { name: 'Save runtime settings' }).click();
e2e	Run browser E2E	2026-09-27T20:46:31.3080053Z     > 80 | 	await expect(page.getByRole('alert')).toContainText('Mastery boundaries must be increasing.');
e2e	Run browser E2E	2026-09-27T20:46:31.3081291Z          | 	                                      ^
e2e	Run browser E2E	2026-09-27T20:46:31.3082053Z       81 | 	await page.getByRole('button', { name: 'Save runtime settings' }).click();
e2e	Run browser E2E	2026-09-27T20:46:31.3082693Z       82 |
e2e	Run browser E2E	2026-09-27T20:46:31.3083090Z       83 | 	expect(savedSettings).toEqual({
e2e	Run browser E2E	2026-09-27T20:46:31.3083903Z         at /home/runner/work/medicalos/medicalos/tests/e2e/admin06-settings.spec.ts:80:40
e2e	Run browser E2E	2026-09-27T20:46:31.3084461Z 
e2e	Run browser E2E	2026-09-27T20:46:31.3085160Z     Error Context: test-results/admin06-settings-administr-dba16-saves-live-runtime-settings/error-context.md
e2e	Run browser E2E	2026-09-27T20:46:31.3085934Z 
e2e	Run browser E2E	2026-09-27T20:46:31.3086577Z     Retry #1 ───────────────────────────────────────────────────────────────────────────────────────
e2e	Run browser E2E	2026-09-27T20:46:31.3087086Z 
e2e	Run browser E2E	2026-09-27T20:46:31.3087391Z     Error: expect(locator).toContainText(expected) failed
e2e	Run browser E2E	2026-09-27T20:46:31.3087775Z 
e2e	Run browser E2E	2026-09-27T20:46:31.3087968Z     Locator: getByRole('alert')
e2e	Run browser E2E	2026-09-27T20:46:31.3088559Z     Expected substring: "Mastery boundaries must be increasing."
e2e	Run browser E2E	2026-09-27T20:46:31.3089390Z     Error: strict mode violation: getByRole('alert') resolved to 2 elements:
e2e	Run browser E2E	2026-09-27T20:46:31.3090803Z         1) <p role="alert" class="error-text">Mastery boundaries must be increasing.</p> aka getByText('Mastery boundaries must be')
e2e	Run browser E2E	2026-09-27T20:46:31.3092392Z         2) <p role="alert" class="error-text" data-testid="mock-error">invalid or expired credentials</p> aka getByTestId('mock-error')
e2e	Run browser E2E	2026-09-27T20:46:31.3093198Z 
e2e	Run browser E2E	2026-09-27T20:46:31.3093342Z     Call log:
e2e	Run browser E2E	2026-09-27T20:46:31.3093871Z       - Expect "toContainText" getByRole('alert') with timeout 5000ms
e2e	Run browser E2E	2026-09-27T20:46:31.3094533Z       - waiting for getByRole('alert')
e2e	Run browser E2E	2026-09-27T20:46:31.3095557Z         - locator resolved to <p role="alert" class="error-text" data-testid="mock-error">invalid or expired credentials</p>
e2e	Run browser E2E	2026-09-27T20:46:31.3096557Z         - unexpected value "invalid or expired credentials"
e2e	Run browser E2E	2026-09-27T20:46:31.3096938Z 
e2e	Run browser E2E	2026-09-27T20:46:31.3097129Z 
e2e	Run browser E2E	2026-09-27T20:46:31.3097531Z       78 | 	await page.getByLabel('Hard competition points').fill('18');
e2e	Run browser E2E	2026-09-27T20:46:31.3098462Z       79 | 	await page.getByRole('button', { name: 'Save runtime settings' }).click();
e2e	Run browser E2E	2026-09-27T20:46:31.3099617Z     > 80 | 	await expect(page.getByRole('alert')).toContainText('Mastery boundaries must be increasing.');
e2e	Run browser E2E	2026-09-27T20:46:31.3100615Z          | 	                                      ^
e2e	Run browser E2E	2026-09-27T20:46:31.3101356Z       81 | 	await page.getByRole('button', { name: 'Save runtime settings' }).click();
e2e	Run browser E2E	2026-09-27T20:46:31.3102018Z       82 |
e2e	Run browser E2E	2026-09-27T20:46:31.3102435Z       83 | 	expect(savedSettings).toEqual({
e2e	Run browser E2E	2026-09-27T20:46:31.3103272Z         at /home/runner/work/medicalos/medicalos/tests/e2e/admin06-settings.spec.ts:80:40
e2e	Run browser E2E	2026-09-27T20:46:31.3103870Z 
e2e	Run browser E2E	2026-09-27T20:46:31.3104672Z     Error Context: test-results/admin06-settings-administr-dba16-saves-live-runtime-settings-retry1/error-context.md
e2e	Run browser E2E	2026-09-27T20:46:31.3105530Z 
e2e	Run browser E2E	2026-09-27T20:46:31.3105687Z   3 failed
e2e	Run browser E2E	2026-09-27T20:46:31.3106704Z     admin-dashboard.spec.ts:25:5 › administrator reaches the owner dashboard and sees responsive aggregate counts 
e2e	Run browser E2E	2026-09-27T20:46:31.3108398Z     admin-mock-builder.spec.ts:5:5 › administrator creates mock test with form type and blueprint, learner sees badge and time analysis 
e2e	Run browser E2E	2026-09-27T20:46:31.3110014Z     admin06-settings.spec.ts:4:5 › administrator loads and saves live runtime settings ─────────────
e2e	Run browser E2E	2026-09-27T20:46:31.3111002Z   64 passed (1.8m)
e2e	Run browser E2E	2026-09-27T20:46:31.3280784Z ##[error]Process completed with exit code 1.
